2026-03-27 15:09:15,699 - ERROR - Connection Error: 'NoneType' object has no attribute 'replace'
2026-03-27 15:09:15,700 - ERROR - Main Error: 'NoneType' object has no attribute 'replace'
2026-03-27 15:09:26,354 - ERROR - Connection Error: 'NoneType' object has no attribute 'replace'
2026-03-27 15:09:26,354 - ERROR - Main Error: 'NoneType' object has no attribute 'replace'
2026-03-27 15:09:34,407 - ERROR - Connection Error: 'NoneType' object has no attribute 'replace'
2026-03-27 15:09:34,408 - ERROR - Main Error: 'NoneType' object has no attribute 'replace'
2026-03-27 15:09:37,056 - ERROR - Connection Error: 'NoneType' object has no attribute 'replace'
2026-03-27 15:09:37,056 - ERROR - Main Error: 'NoneType' object has no attribute 'replace'
2026-03-27 15:09:45,103 - ERROR - Connection Error: 'NoneType' object has no attribute 'replace'
2026-03-27 15:09:45,103 - ERROR - Main Error: 'NoneType' object has no attribute 'replace'
2026-03-27 15:09:47,743 - ERROR - Connection Error: 'NoneType' object has no attribute 'replace'
2026-03-27 15:09:47,743 - ERROR - Main Error: 'NoneType' object has no attribute 'replace'
2026-03-27 15:09:55,790 - ERROR - Connection Error: 'NoneType' object has no attribute 'replace'
2026-03-27 15:09:55,790 - ERROR - Main Error: 'NoneType' object has no attribute 'replace'
2026-03-27 15:09:58,508 - ERROR - Connection Error: 'NoneType' object has no attribute 'replace'
2026-03-27 15:09:58,509 - ERROR - Main Error: 'NoneType' object has no attribute 'replace'
2026-03-27 15:09:58,509 - ERROR - Max retries reached. Stopping script.
2026-03-27 15:10:06,416 - ERROR - Connection Error: 'NoneType' object has no attribute 'replace'
2026-03-27 15:10:06,416 - ERROR - Main Error: 'NoneType' object has no attribute 'replace'
2026-03-27 15:10:17,041 - ERROR - Connection Error: 'NoneType' object has no attribute 'replace'
2026-03-27 15:10:17,041 - ERROR - Main Error: 'NoneType' object has no attribute 'replace'
2026-03-27 15:10:17,041 - ERROR - Max retries reached. Stopping script.
2026-03-27 15:10:28,439 - ERROR - Connection Error: 'NoneType' object has no attribute 'replace'
2026-03-27 15:10:28,439 - ERROR - Main Error: 'NoneType' object has no attribute 'replace'
2026-03-27 15:10:39,044 - ERROR - Connection Error: 'NoneType' object has no attribute 'replace'
2026-03-27 15:10:39,044 - ERROR - Main Error: 'NoneType' object has no attribute 'replace'
2026-03-27 15:10:49,767 - ERROR - Connection Error: 'NoneType' object has no attribute 'replace'
2026-03-27 15:10:49,767 - ERROR - Main Error: 'NoneType' object has no attribute 'replace'
2026-03-27 15:11:00,378 - ERROR - Connection Error: 'NoneType' object has no attribute 'replace'
2026-03-27 15:11:00,378 - ERROR - Main Error: 'NoneType' object has no attribute 'replace'
2026-03-27 15:11:11,067 - ERROR - Connection Error: 'NoneType' object has no attribute 'replace'
2026-03-27 15:11:11,067 - ERROR - Main Error: 'NoneType' object has no attribute 'replace'
2026-03-27 15:11:11,068 - ERROR - Max retries reached. Stopping script.
2026-03-27 15:17:22,799 - ERROR - Connection Error: Email credentials not found in environment variables
2026-03-27 15:17:22,800 - ERROR - Main Error: Email credentials not found in environment variables
2026-03-27 15:17:32,802 - ERROR - Connection Error: Email credentials not found in environment variables
2026-03-27 15:17:32,802 - ERROR - Main Error: Email credentials not found in environment variables
2026-03-27 15:17:42,828 - ERROR - Connection Error: Email credentials not found in environment variables
2026-03-27 15:17:42,828 - ERROR - Main Error: Email credentials not found in environment variables
2026-03-27 15:17:52,829 - ERROR - Connection Error: Email credentials not found in environment variables
2026-03-27 15:17:52,829 - ERROR - Main Error: Email credentials not found in environment variables
2026-03-27 15:18:02,833 - ERROR - Connection Error: Email credentials not found in environment variables
2026-03-27 15:18:02,833 - ERROR - Main Error: Email credentials not found in environment variables
2026-03-27 15:18:02,834 - ERROR - Max retries reached. Stopping script.
2026-03-27 15:23:59,711 - INFO - Connected to email server
2026-03-27 15:24:00,694 - INFO - Processing Email: Update regarding your job application
2026-03-27 15:24:01,386 - INFO - Processing Email: I want to connect
2026-03-27 15:24:01,874 - INFO - Processing Email: =?utf-8?q?PPIs=2C_Cash_Prizes_=26_Global_Opportunities_from_Reliance=2C_Indigo=2C_Grab_=26_More?=
2026-03-27 15:24:27,058 - INFO - Connected to email server
2026-03-27 15:24:59,508 - INFO - Connected to email server
2026-03-27 15:25:32,158 - INFO - Connected to email server
2026-03-27 15:26:04,657 - INFO - Connected to email server
2026-03-27 15:28:11,107 - INFO - Connected to email server

2026-03-27 16:07:19,944 - INFO - Connected to email server
